{
  "data": {
    "type": "vars",
    "attributes": {
      "key": "availability_zone_names",
      "value": "['us-west-1a']",
      "description": "",
      "category": "terraform",
      "hcl": false,
      "sensitive": false
    }
  }
}
{
  "data": {
    "type": "vars",
    "attributes": {
      "key": "docker_ports",
      "value": "[{ external = 8300, internal = 8300, protocol = 'tcp' }]",
      "description": "",
      "category": "terraform",
      "hcl": false,
      "sensitive": false
    }
  }
}
{
  "data": {
    "type": "vars",
    "attributes": {
      "key": "image_id",
      "value": "",
      "description": "",
      "category": "terraform",
      "hcl": false,
      "sensitive": false
    }
  }
}
{
  "data": {
    "type": "vars",
    "attributes": {
      "key": "password",
      "value": "",
      "description": "the root password to use with the database",
      "category": "terraform",
      "hcl": false,
      "sensitive": true
    }
  }
}
